------------------------------------------------------------
TimeQuest Timing Analyzer Summary
------------------------------------------------------------

Type  : Slow 1200mV 85C Model Setup 'CLOCK_50'
Slack : -4.389
TNS   : -125.259

Type  : Slow 1200mV 85C Model Hold 'CLOCK_50'
Slack : -0.311
TNS   : -0.311

Type  : Slow 1200mV 85C Model Minimum Pulse Width 'CLOCK_50'
Slack : -3.000
TNS   : -59.540

Type  : Slow 1200mV 85C Model Minimum Pulse Width 'Debounce:B0|DBx'
Slack : -1.285
TNS   : -10.280

Type  : Slow 1200mV 0C Model Setup 'CLOCK_50'
Slack : -3.891
TNS   : -109.206

Type  : Slow 1200mV 0C Model Hold 'CLOCK_50'
Slack : -0.186
TNS   : -0.186

Type  : Slow 1200mV 0C Model Minimum Pulse Width 'CLOCK_50'
Slack : -3.000
TNS   : -59.540

Type  : Slow 1200mV 0C Model Minimum Pulse Width 'Debounce:B0|DBx'
Slack : -1.285
TNS   : -10.280

Type  : Fast 1200mV 0C Model Setup 'CLOCK_50'
Slack : -1.601
TNS   : -41.296

Type  : Fast 1200mV 0C Model Hold 'CLOCK_50'
Slack : -0.360
TNS   : -0.360

Type  : Fast 1200mV 0C Model Minimum Pulse Width 'CLOCK_50'
Slack : -3.000
TNS   : -59.952

Type  : Fast 1200mV 0C Model Minimum Pulse Width 'Debounce:B0|DBx'
Slack : -1.000
TNS   : -8.000

------------------------------------------------------------
