------------------------------------------------------------
TimeQuest Timing Analyzer Summary
------------------------------------------------------------

Type  : Slow 1200mV 85C Model Setup 'CLOCK_50'
Slack : -4.076
TNS   : -112.211

Type  : Slow 1200mV 85C Model Setup 'Debounce:B0|DBx'
Slack : -0.059
TNS   : -0.345

Type  : Slow 1200mV 85C Model Hold 'CLOCK_50'
Slack : -0.256
TNS   : -0.256

Type  : Slow 1200mV 85C Model Hold 'Debounce:B0|DBx'
Slack : 0.404
TNS   : 0.000

Type  : Slow 1200mV 85C Model Minimum Pulse Width 'CLOCK_50'
Slack : -3.000
TNS   : -59.540

Type  : Slow 1200mV 85C Model Minimum Pulse Width 'Debounce:B0|DBx'
Slack : -1.285
TNS   : -41.120

Type  : Slow 1200mV 0C Model Setup 'CLOCK_50'
Slack : -3.580
TNS   : -97.638

Type  : Slow 1200mV 0C Model Setup 'Debounce:B0|DBx'
Slack : 0.045
TNS   : 0.000

Type  : Slow 1200mV 0C Model Hold 'CLOCK_50'
Slack : -0.164
TNS   : -0.164

Type  : Slow 1200mV 0C Model Hold 'Debounce:B0|DBx'
Slack : 0.355
TNS   : 0.000

Type  : Slow 1200mV 0C Model Minimum Pulse Width 'CLOCK_50'
Slack : -3.000
TNS   : -59.540

Type  : Slow 1200mV 0C Model Minimum Pulse Width 'Debounce:B0|DBx'
Slack : -1.285
TNS   : -41.120

Type  : Fast 1200mV 0C Model Setup 'CLOCK_50'
Slack : -1.524
TNS   : -33.924

Type  : Fast 1200mV 0C Model Setup 'Debounce:B0|DBx'
Slack : 0.485
TNS   : 0.000

Type  : Fast 1200mV 0C Model Hold 'CLOCK_50'
Slack : -0.321
TNS   : -0.321

Type  : Fast 1200mV 0C Model Hold 'Debounce:B0|DBx'
Slack : 0.182
TNS   : 0.000

Type  : Fast 1200mV 0C Model Minimum Pulse Width 'CLOCK_50'
Slack : -3.000
TNS   : -59.923

Type  : Fast 1200mV 0C Model Minimum Pulse Width 'Debounce:B0|DBx'
Slack : -1.000
TNS   : -32.000

------------------------------------------------------------
