------------------------------------------------------------
TimeQuest Timing Analyzer Summary
------------------------------------------------------------

Type  : Slow 1200mV 85C Model Setup 'U1|video_PLL_inst|altpll_component|auto_generated|pll1|clk[0]'
Slack : -6.804
TNS   : -12.930

Type  : Slow 1200mV 85C Model Setup 'VGA_SYNC_module:U1|vert_sync_out'
Slack : -2.428
TNS   : -32.623

Type  : Slow 1200mV 85C Model Setup 'CLOCK_50'
Slack : 13.305
TNS   : 0.000

Type  : Slow 1200mV 85C Model Hold 'U1|video_PLL_inst|altpll_component|auto_generated|pll1|clk[0]'
Slack : 0.402
TNS   : 0.000

Type  : Slow 1200mV 85C Model Hold 'VGA_SYNC_module:U1|vert_sync_out'
Slack : 0.402
TNS   : 0.000

Type  : Slow 1200mV 85C Model Hold 'CLOCK_50'
Slack : 0.403
TNS   : 0.000

Type  : Slow 1200mV 85C Model Minimum Pulse Width 'VGA_SYNC_module:U1|vert_sync_out'
Slack : -1.285
TNS   : -29.555

Type  : Slow 1200mV 85C Model Minimum Pulse Width 'CLOCK_50'
Slack : 9.681
TNS   : 0.000

Type  : Slow 1200mV 85C Model Minimum Pulse Width 'U1|video_PLL_inst|altpll_component|auto_generated|pll1|clk[0]'
Slack : 19.710
TNS   : 0.000

Type  : Slow 1200mV 0C Model Setup 'U1|video_PLL_inst|altpll_component|auto_generated|pll1|clk[0]'
Slack : -5.952
TNS   : -11.266

Type  : Slow 1200mV 0C Model Setup 'VGA_SYNC_module:U1|vert_sync_out'
Slack : -2.097
TNS   : -27.155

Type  : Slow 1200mV 0C Model Setup 'CLOCK_50'
Slack : 14.001
TNS   : 0.000

Type  : Slow 1200mV 0C Model Hold 'CLOCK_50'
Slack : 0.354
TNS   : 0.000

Type  : Slow 1200mV 0C Model Hold 'U1|video_PLL_inst|altpll_component|auto_generated|pll1|clk[0]'
Slack : 0.354
TNS   : 0.000

Type  : Slow 1200mV 0C Model Hold 'VGA_SYNC_module:U1|vert_sync_out'
Slack : 0.354
TNS   : 0.000

Type  : Slow 1200mV 0C Model Minimum Pulse Width 'VGA_SYNC_module:U1|vert_sync_out'
Slack : -1.285
TNS   : -29.555

Type  : Slow 1200mV 0C Model Minimum Pulse Width 'CLOCK_50'
Slack : 9.688
TNS   : 0.000

Type  : Slow 1200mV 0C Model Minimum Pulse Width 'U1|video_PLL_inst|altpll_component|auto_generated|pll1|clk[0]'
Slack : 19.693
TNS   : 0.000

Type  : Fast 1200mV 0C Model Setup 'U1|video_PLL_inst|altpll_component|auto_generated|pll1|clk[0]'
Slack : -3.020
TNS   : -5.723

Type  : Fast 1200mV 0C Model Setup 'VGA_SYNC_module:U1|vert_sync_out'
Slack : -0.668
TNS   : -4.861

Type  : Fast 1200mV 0C Model Setup 'CLOCK_50'
Slack : 16.691
TNS   : 0.000

Type  : Fast 1200mV 0C Model Hold 'CLOCK_50'
Slack : 0.181
TNS   : 0.000

Type  : Fast 1200mV 0C Model Hold 'U1|video_PLL_inst|altpll_component|auto_generated|pll1|clk[0]'
Slack : 0.181
TNS   : 0.000

Type  : Fast 1200mV 0C Model Hold 'VGA_SYNC_module:U1|vert_sync_out'
Slack : 0.181
TNS   : 0.000

Type  : Fast 1200mV 0C Model Minimum Pulse Width 'VGA_SYNC_module:U1|vert_sync_out'
Slack : -1.000
TNS   : -23.000

Type  : Fast 1200mV 0C Model Minimum Pulse Width 'CLOCK_50'
Slack : 9.264
TNS   : 0.000

Type  : Fast 1200mV 0C Model Minimum Pulse Width 'U1|video_PLL_inst|altpll_component|auto_generated|pll1|clk[0]'
Slack : 19.780
TNS   : 0.000

------------------------------------------------------------
