------------------------------------------------------------
TimeQuest Timing Analyzer Summary
------------------------------------------------------------

Type  : Slow 1200mV 85C Model Setup 'Tick'
Slack : -2.512
TNS   : -54.619

Type  : Slow 1200mV 85C Model Setup 'pll_clock|altpll_component|auto_generated|pll1|clk[0]'
Slack : -0.283
TNS   : -0.283

Type  : Slow 1200mV 85C Model Hold 'pll_clock|altpll_component|auto_generated|pll1|clk[0]'
Slack : -0.120
TNS   : -0.120

Type  : Slow 1200mV 85C Model Hold 'Tick'
Slack : 0.404
TNS   : 0.000

Type  : Slow 1200mV 85C Model Minimum Pulse Width 'Tick'
Slack : -1.285
TNS   : -30.840

Type  : Slow 1200mV 85C Model Minimum Pulse Width 'CLOCK_50'
Slack : 9.819
TNS   : 0.000

Type  : Slow 1200mV 85C Model Minimum Pulse Width 'pll_clock|altpll_component|auto_generated|pll1|clk[0]'
Slack : 12.211
TNS   : 0.000

Type  : Slow 1200mV 0C Model Setup 'Tick'
Slack : -2.200
TNS   : -47.867

Type  : Slow 1200mV 0C Model Setup 'pll_clock|altpll_component|auto_generated|pll1|clk[0]'
Slack : -0.096
TNS   : -0.096

Type  : Slow 1200mV 0C Model Hold 'pll_clock|altpll_component|auto_generated|pll1|clk[0]'
Slack : -0.220
TNS   : -0.220

Type  : Slow 1200mV 0C Model Hold 'Tick'
Slack : 0.355
TNS   : 0.000

Type  : Slow 1200mV 0C Model Minimum Pulse Width 'Tick'
Slack : -1.285
TNS   : -30.840

Type  : Slow 1200mV 0C Model Minimum Pulse Width 'CLOCK_50'
Slack : 9.799
TNS   : 0.000

Type  : Slow 1200mV 0C Model Minimum Pulse Width 'pll_clock|altpll_component|auto_generated|pll1|clk[0]'
Slack : 12.212
TNS   : 0.000

Type  : Fast 1200mV 0C Model Setup 'Tick'
Slack : -0.682
TNS   : -13.835

Type  : Fast 1200mV 0C Model Setup 'pll_clock|altpll_component|auto_generated|pll1|clk[0]'
Slack : -0.056
TNS   : -0.056

Type  : Fast 1200mV 0C Model Hold 'pll_clock|altpll_component|auto_generated|pll1|clk[0]'
Slack : -0.013
TNS   : -0.013

Type  : Fast 1200mV 0C Model Hold 'Tick'
Slack : 0.182
TNS   : 0.000

Type  : Fast 1200mV 0C Model Minimum Pulse Width 'Tick'
Slack : -1.000
TNS   : -24.000

Type  : Fast 1200mV 0C Model Minimum Pulse Width 'CLOCK_50'
Slack : 9.400
TNS   : 0.000

Type  : Fast 1200mV 0C Model Minimum Pulse Width 'pll_clock|altpll_component|auto_generated|pll1|clk[0]'
Slack : 12.275
TNS   : 0.000

------------------------------------------------------------
