------------------------------------------------------------
TimeQuest Timing Analyzer Summary
------------------------------------------------------------

Type  : Slow 1200mV 85C Model Setup 'Tick'
Slack : -2.692
TNS   : -59.874

Type  : Slow 1200mV 85C Model Setup 'pll_clock|altpll_component|auto_generated|pll1|clk[0]'
Slack : -0.280
TNS   : -0.280

Type  : Slow 1200mV 85C Model Hold 'pll_clock|altpll_component|auto_generated|pll1|clk[0]'
Slack : -0.113
TNS   : -0.113

Type  : Slow 1200mV 85C Model Hold 'Tick'
Slack : 0.403
TNS   : 0.000

Type  : Slow 1200mV 85C Model Minimum Pulse Width 'Tick'
Slack : -1.285
TNS   : -30.840

Type  : Slow 1200mV 85C Model Minimum Pulse Width 'CLOCK_50'
Slack : 9.819
TNS   : 0.000

Type  : Slow 1200mV 85C Model Minimum Pulse Width 'pll_clock|altpll_component|auto_generated|pll1|clk[0]'
Slack : 19.711
TNS   : 0.000

Type  : Slow 1200mV 0C Model Setup 'Tick'
Slack : -2.360
TNS   : -52.385

Type  : Slow 1200mV 0C Model Setup 'pll_clock|altpll_component|auto_generated|pll1|clk[0]'
Slack : -0.093
TNS   : -0.093

Type  : Slow 1200mV 0C Model Hold 'pll_clock|altpll_component|auto_generated|pll1|clk[0]'
Slack : -0.213
TNS   : -0.213

Type  : Slow 1200mV 0C Model Hold 'Tick'
Slack : 0.355
TNS   : 0.000

Type  : Slow 1200mV 0C Model Minimum Pulse Width 'Tick'
Slack : -1.285
TNS   : -30.840

Type  : Slow 1200mV 0C Model Minimum Pulse Width 'CLOCK_50'
Slack : 9.799
TNS   : 0.000

Type  : Slow 1200mV 0C Model Minimum Pulse Width 'pll_clock|altpll_component|auto_generated|pll1|clk[0]'
Slack : 19.712
TNS   : 0.000

Type  : Fast 1200mV 0C Model Setup 'Tick'
Slack : -0.762
TNS   : -15.945

Type  : Fast 1200mV 0C Model Setup 'pll_clock|altpll_component|auto_generated|pll1|clk[0]'
Slack : -0.055
TNS   : -0.055

Type  : Fast 1200mV 0C Model Hold 'pll_clock|altpll_component|auto_generated|pll1|clk[0]'
Slack : -0.004
TNS   : -0.004

Type  : Fast 1200mV 0C Model Hold 'Tick'
Slack : 0.183
TNS   : 0.000

Type  : Fast 1200mV 0C Model Minimum Pulse Width 'Tick'
Slack : -1.000
TNS   : -24.000

Type  : Fast 1200mV 0C Model Minimum Pulse Width 'CLOCK_50'
Slack : 9.400
TNS   : 0.000

Type  : Fast 1200mV 0C Model Minimum Pulse Width 'pll_clock|altpll_component|auto_generated|pll1|clk[0]'
Slack : 19.775
TNS   : 0.000

------------------------------------------------------------
