------------------------------------------------------------
TimeQuest Timing Analyzer Summary
------------------------------------------------------------

Type  : Slow 1200mV 85C Model Setup 'GPIO[20]'
Slack : -3.553
TNS   : -1070.522

Type  : Slow 1200mV 85C Model Setup 'Tick'
Slack : -2.758
TNS   : -62.273

Type  : Slow 1200mV 85C Model Setup 'inst_vga_pll|altpll_component|auto_generated|pll1|clk[2]'
Slack : -0.280
TNS   : -0.280

Type  : Slow 1200mV 85C Model Setup 'inst_vga_pll|altpll_component|auto_generated|pll1|clk[0]'
Slack : 8.825
TNS   : 0.000

Type  : Slow 1200mV 85C Model Setup 'inst_vga_pll|altpll_component|auto_generated|pll1|clk[1]'
Slack : 31.598
TNS   : 0.000

Type  : Slow 1200mV 85C Model Hold 'inst_vga_pll|altpll_component|auto_generated|pll1|clk[2]'
Slack : -0.123
TNS   : -0.123

Type  : Slow 1200mV 85C Model Hold 'GPIO[20]'
Slack : 0.312
TNS   : 0.000

Type  : Slow 1200mV 85C Model Hold 'inst_vga_pll|altpll_component|auto_generated|pll1|clk[0]'
Slack : 0.381
TNS   : 0.000

Type  : Slow 1200mV 85C Model Hold 'Tick'
Slack : 0.403
TNS   : 0.000

Type  : Slow 1200mV 85C Model Hold 'inst_vga_pll|altpll_component|auto_generated|pll1|clk[1]'
Slack : 0.478
TNS   : 0.000

Type  : Slow 1200mV 85C Model Minimum Pulse Width 'GPIO[20]'
Slack : -3.210
TNS   : -994.387

Type  : Slow 1200mV 85C Model Minimum Pulse Width 'Tick'
Slack : -1.285
TNS   : -30.840

Type  : Slow 1200mV 85C Model Minimum Pulse Width 'inst_vga_pll|altpll_component|auto_generated|pll1|clk[2]'
Slack : 4.711
TNS   : 0.000

Type  : Slow 1200mV 85C Model Minimum Pulse Width 'inst_vga_pll|altpll_component|auto_generated|pll1|clk[0]'
Slack : 9.709
TNS   : 0.000

Type  : Slow 1200mV 85C Model Minimum Pulse Width 'CLOCK_50'
Slack : 9.819
TNS   : 0.000

Type  : Slow 1200mV 85C Model Minimum Pulse Width 'inst_vga_pll|altpll_component|auto_generated|pll1|clk[1]'
Slack : 19.710
TNS   : 0.000

Type  : Slow 1200mV 0C Model Setup 'GPIO[20]'
Slack : -3.172
TNS   : -932.819

Type  : Slow 1200mV 0C Model Setup 'Tick'
Slack : -2.418
TNS   : -54.693

Type  : Slow 1200mV 0C Model Setup 'inst_vga_pll|altpll_component|auto_generated|pll1|clk[2]'
Slack : -0.093
TNS   : -0.093

Type  : Slow 1200mV 0C Model Setup 'inst_vga_pll|altpll_component|auto_generated|pll1|clk[0]'
Slack : 9.832
TNS   : 0.000

Type  : Slow 1200mV 0C Model Setup 'inst_vga_pll|altpll_component|auto_generated|pll1|clk[1]'
Slack : 32.217
TNS   : 0.000

Type  : Slow 1200mV 0C Model Hold 'inst_vga_pll|altpll_component|auto_generated|pll1|clk[2]'
Slack : -0.223
TNS   : -0.223

Type  : Slow 1200mV 0C Model Hold 'GPIO[20]'
Slack : 0.273
TNS   : 0.000

Type  : Slow 1200mV 0C Model Hold 'inst_vga_pll|altpll_component|auto_generated|pll1|clk[0]'
Slack : 0.354
TNS   : 0.000

Type  : Slow 1200mV 0C Model Hold 'Tick'
Slack : 0.355
TNS   : 0.000

Type  : Slow 1200mV 0C Model Hold 'inst_vga_pll|altpll_component|auto_generated|pll1|clk[1]'
Slack : 0.469
TNS   : 0.000

Type  : Slow 1200mV 0C Model Minimum Pulse Width 'GPIO[20]'
Slack : -3.210
TNS   : -977.273

Type  : Slow 1200mV 0C Model Minimum Pulse Width 'Tick'
Slack : -1.285
TNS   : -30.840

Type  : Slow 1200mV 0C Model Minimum Pulse Width 'inst_vga_pll|altpll_component|auto_generated|pll1|clk[2]'
Slack : 4.712
TNS   : 0.000

Type  : Slow 1200mV 0C Model Minimum Pulse Width 'inst_vga_pll|altpll_component|auto_generated|pll1|clk[0]'
Slack : 9.710
TNS   : 0.000

Type  : Slow 1200mV 0C Model Minimum Pulse Width 'CLOCK_50'
Slack : 9.799
TNS   : 0.000

Type  : Slow 1200mV 0C Model Minimum Pulse Width 'inst_vga_pll|altpll_component|auto_generated|pll1|clk[1]'
Slack : 19.709
TNS   : 0.000

Type  : Fast 1200mV 0C Model Setup 'GPIO[20]'
Slack : -1.337
TNS   : -381.939

Type  : Fast 1200mV 0C Model Setup 'Tick'
Slack : -0.796
TNS   : -17.151

Type  : Fast 1200mV 0C Model Setup 'inst_vga_pll|altpll_component|auto_generated|pll1|clk[2]'
Slack : -0.055
TNS   : -0.055

Type  : Fast 1200mV 0C Model Setup 'inst_vga_pll|altpll_component|auto_generated|pll1|clk[0]'
Slack : 14.791
TNS   : 0.000

Type  : Fast 1200mV 0C Model Setup 'inst_vga_pll|altpll_component|auto_generated|pll1|clk[1]'
Slack : 35.269
TNS   : 0.000

Type  : Fast 1200mV 0C Model Hold 'inst_vga_pll|altpll_component|auto_generated|pll1|clk[2]'
Slack : -0.014
TNS   : -0.014

Type  : Fast 1200mV 0C Model Hold 'inst_vga_pll|altpll_component|auto_generated|pll1|clk[0]'
Slack : 0.165
TNS   : 0.000

Type  : Fast 1200mV 0C Model Hold 'Tick'
Slack : 0.182
TNS   : 0.000

Type  : Fast 1200mV 0C Model Hold 'GPIO[20]'
Slack : 0.201
TNS   : 0.000

Type  : Fast 1200mV 0C Model Hold 'inst_vga_pll|altpll_component|auto_generated|pll1|clk[1]'
Slack : 0.220
TNS   : 0.000

Type  : Fast 1200mV 0C Model Minimum Pulse Width 'GPIO[20]'
Slack : -3.000
TNS   : -585.213

Type  : Fast 1200mV 0C Model Minimum Pulse Width 'Tick'
Slack : -1.000
TNS   : -24.000

Type  : Fast 1200mV 0C Model Minimum Pulse Width 'inst_vga_pll|altpll_component|auto_generated|pll1|clk[2]'
Slack : 4.772
TNS   : 0.000

Type  : Fast 1200mV 0C Model Minimum Pulse Width 'CLOCK_50'
Slack : 9.400
TNS   : 0.000

Type  : Fast 1200mV 0C Model Minimum Pulse Width 'inst_vga_pll|altpll_component|auto_generated|pll1|clk[0]'
Slack : 9.751
TNS   : 0.000

Type  : Fast 1200mV 0C Model Minimum Pulse Width 'inst_vga_pll|altpll_component|auto_generated|pll1|clk[1]'
Slack : 19.752
TNS   : 0.000

------------------------------------------------------------
