------------------------------------------------------------
TimeQuest Timing Analyzer Summary
------------------------------------------------------------

Type  : Slow 1200mV 85C Model Setup 'CLOCK_50'
Slack : -3.957
TNS   : -104.845

Type  : Slow 1200mV 85C Model Hold 'CLOCK_50'
Slack : -0.393
TNS   : -0.393

Type  : Slow 1200mV 85C Model Minimum Pulse Width 'CLOCK_50'
Slack : -3.000
TNS   : -59.540

Type  : Slow 1200mV 85C Model Minimum Pulse Width 'Debounce:B1|DBx'
Slack : -2.693
TNS   : -10.772

Type  : Slow 1200mV 0C Model Setup 'CLOCK_50'
Slack : -3.512
TNS   : -91.107

Type  : Slow 1200mV 0C Model Hold 'CLOCK_50'
Slack : -0.272
TNS   : -0.272

Type  : Slow 1200mV 0C Model Minimum Pulse Width 'CLOCK_50'
Slack : -3.000
TNS   : -59.540

Type  : Slow 1200mV 0C Model Minimum Pulse Width 'Debounce:B1|DBx'
Slack : -2.649
TNS   : -10.596

Type  : Fast 1200mV 0C Model Setup 'CLOCK_50'
Slack : -1.440
TNS   : -30.611

Type  : Fast 1200mV 0C Model Hold 'CLOCK_50'
Slack : -0.391
TNS   : -0.391

Type  : Fast 1200mV 0C Model Minimum Pulse Width 'CLOCK_50'
Slack : -3.000
TNS   : -59.862

Type  : Fast 1200mV 0C Model Minimum Pulse Width 'Debounce:B1|DBx'
Slack : -1.000
TNS   : -4.000

------------------------------------------------------------
